// Jest Snapshot v1, https://goo.gl/fbAQLP

exports[`App renders correctly 1`] = `
<div
  className="calculator-wrapper"
>
  <div
    className="description"
  >
    <h2>
      WHAT IS NEW
    </h2>
    <p>
      Calculator now displays decimal results and symbolic results for fractions or certain advanced functions. For example, 10 รท 12 will display both 0.83333....
    </p>
  </div>
  <div
    className="Calculator"
  >
    <div
      className="Display"
    >
      <span
        className="Screen"
      >
        0
      </span>
    </div>
    <div
      className="buttons"
    >
      <div
        className="button"
      >
        <button
          className="btn"
          onClick={[Function]}
          type="button"
          value="AC"
        >
          AC
        </button>
      </div>
      <div
        className="button"
      >
        <button
          className="btn"
          onClick={[Function]}
          type="button"
          value="+/-"
        >
          +/-
        </button>
      </div>
      <div
        className="button"
      >
        <button
          className="btn"
          onClick={[Function]}
          type="button"
          value="%"
        >
          %
        </button>
      </div>
      <div
        className="button"
      >
        <button
          className="btn"
          onClick={[Function]}
          type="button"
          value="รท"
        >
          รท
        </button>
      </div>
      <div
        className="button"
      >
        <button
          className="btn"
          onClick={[Function]}
          type="button"
          value="7"
        >
          7
        </button>
      </div>
      <div
        className="button"
      >
        <button
          className="btn"
          onClick={[Function]}
          type="button"
          value="8"
        >
          8
        </button>
      </div>
      <div
        className="button"
      >
        <button
          className="btn"
          onClick={[Function]}
          type="button"
          value="9"
        >
          9
        </button>
      </div>
      <div
        className="button"
      >
        <button
          className="btn"
          onClick={[Function]}
          type="button"
          value="x"
        >
          x
        </button>
      </div>
      <div
        className="button"
      >
        <button
          className="btn"
          onClick={[Function]}
          type="button"
          value="4"
        >
          4
        </button>
      </div>
      <div
        className="button"
      >
        <button
          className="btn"
          onClick={[Function]}
          type="button"
          value="5"
        >
          5
        </button>
      </div>
      <div
        className="button"
      >
        <button
          className="btn"
          onClick={[Function]}
          type="button"
          value="6"
        >
          6
        </button>
      </div>
      <div
        className="button"
      >
        <button
          className="btn"
          onClick={[Function]}
          type="button"
          value="-"
        >
          -
        </button>
      </div>
      <div
        className="button"
      >
        <button
          className="btn"
          onClick={[Function]}
          type="button"
          value="1"
        >
          1
        </button>
      </div>
      <div
        className="button"
      >
        <button
          className="btn"
          onClick={[Function]}
          type="button"
          value="2"
        >
          2
        </button>
      </div>
      <div
        className="button"
      >
        <button
          className="btn"
          onClick={[Function]}
          type="button"
          value="3"
        >
          3
        </button>
      </div>
      <div
        className="button"
      >
        <button
          className="btn"
          onClick={[Function]}
          type="button"
          value="+"
        >
          +
        </button>
      </div>
      <div
        className="button"
      >
        <button
          className="btn"
          onClick={[Function]}
          type="button"
          value="0"
        >
          0
        </button>
      </div>
      <div
        className="button"
      >
        <button
          className="btn"
          onClick={[Function]}
          type="button"
          value="."
        >
          .
        </button>
      </div>
      <div
        className="button"
      >
        <button
          className="btn"
          onClick={[Function]}
          type="button"
          value="="
        >
          =
        </button>
      </div>
    </div>
  </div>
</div>
`;
