// Jest Snapshot v1, https://goo.gl/fbAQLP

exports[`test quotes inner content and correct rendering of the Quotes page Quotes page is rendered correctly 1`] = `
<div
  className="description"
>
  <h2>
    Math Magicians
  </h2>
  <p>
    Mathematics includes the study of such topics as quantity, structure, space, and change. It has no generally accepted definition. Mathematicians seek and use patterns to formulate new conjectures; they resolve the truth or falsity of such by mathematical proof.
  </p>
</div>
`;
