// Jest Snapshot v1, https://goo.gl/fbAQLP

exports[`Buttons snapshot test 1`] = `
<div
  className="buttons"
>
  <div
    className="button"
  >
    <button
      className="btn"
      type="button"
      value="AC"
    >
      AC
    </button>
  </div>
  <div
    className="button"
  >
    <button
      className="btn"
      type="button"
      value="+/-"
    >
      +/-
    </button>
  </div>
  <div
    className="button"
  >
    <button
      className="btn"
      type="button"
      value="%"
    >
      %
    </button>
  </div>
  <div
    className="button"
  >
    <button
      className="btn"
      type="button"
      value="รท"
    >
      รท
    </button>
  </div>
  <div
    className="button"
  >
    <button
      className="btn"
      type="button"
      value="7"
    >
      7
    </button>
  </div>
  <div
    className="button"
  >
    <button
      className="btn"
      type="button"
      value="8"
    >
      8
    </button>
  </div>
  <div
    className="button"
  >
    <button
      className="btn"
      type="button"
      value="9"
    >
      9
    </button>
  </div>
  <div
    className="button"
  >
    <button
      className="btn"
      type="button"
      value="x"
    >
      x
    </button>
  </div>
  <div
    className="button"
  >
    <button
      className="btn"
      type="button"
      value="4"
    >
      4
    </button>
  </div>
  <div
    className="button"
  >
    <button
      className="btn"
      type="button"
      value="5"
    >
      5
    </button>
  </div>
  <div
    className="button"
  >
    <button
      className="btn"
      type="button"
      value="6"
    >
      6
    </button>
  </div>
  <div
    className="button"
  >
    <button
      className="btn"
      type="button"
      value="-"
    >
      -
    </button>
  </div>
  <div
    className="button"
  >
    <button
      className="btn"
      type="button"
      value="1"
    >
      1
    </button>
  </div>
  <div
    className="button"
  >
    <button
      className="btn"
      type="button"
      value="2"
    >
      2
    </button>
  </div>
  <div
    className="button"
  >
    <button
      className="btn"
      type="button"
      value="3"
    >
      3
    </button>
  </div>
  <div
    className="button"
  >
    <button
      className="btn"
      type="button"
      value="+"
    >
      +
    </button>
  </div>
  <div
    className="button"
  >
    <button
      className="btn"
      type="button"
      value="0"
    >
      0
    </button>
  </div>
  <div
    className="button"
  >
    <button
      className="btn"
      type="button"
      value="."
    >
      .
    </button>
  </div>
  <div
    className="button"
  >
    <button
      className="btn"
      type="button"
      value="="
    >
      =
    </button>
  </div>
</div>
`;
