// Jest Snapshot v1, https://goo.gl/fbAQLP

exports[`Screen snapshot test 1`] = `
<div
  className="Display"
>
  <span
    className="Screen"
  >
    0
  </span>
</div>
`;
